
> localserve@0.1.0 build
> next build

Γû▓ Next.js 16.1.1 (Turbopack)

node.exe : ΓÜá The "middleware" file 
convention is deprecated. Please use "proxy" 
instead. Learn more: https://nextjs.org/docs/m
essages/middleware-to-proxy
At line:1 char:1
+ & "C:\Program Files\nodejs/node.exe" 
"C:\Users\Jainam Jain\AppData\Ro ...
+ ~~~~~~~~~~~~~~~~~~~~~~~~~~~~~~~~~~~~~~~~~~~~
~~~~~~~~~~~~~~~~~~~~~~~~~
    + CategoryInfo          : NotSpecified: ( 
   ΓÜá The "middle...leware-to-proxy:String)  
   [], RemoteException
    + FullyQualifiedErrorId : NativeCommandEr 
   ror
 
  Creating an optimized production build ...
